{
  "@version": "1",
  "COOKIE_JSESSIONID": "R1-c42c9ef3-7e8d-41e5-9415-4571162016bf",
  "Connect": 80,
  "IdleTime": 0,
  "Latency": 268,
  "URL": "https://localhost/login",
  "allThreads": 7,
  "bytes": 7291,
  "dataType": "text",
  "domain": "localhost",
  "elapsed": 268,
  "environment": "admin",
  "executionid": "20211018-082256",
  "failureMessage": null,
  "filename": "easy-admin-20211018-082256",
  "globalLabel": "Login/get",
  "grpThreads": 6,
  "label": "Login/get",
  "labels": [
    "Login",
    "get"
  ],
   "path": "/input/easy-admin-20211018-082256.jtl",
  "project": "undefined",
  "relativetime": 0.803,
  "request": "/login",
  "responseCode": "200",
  "responseMessage": "OK",
  "responseStatus": 200,
  "sentBytes": 453,
  "subresult": false,
  "success": true,
  "testname": "easy",
  "teststart": "2021-10-18T07:22:56.850Z",
  "threadGrpId": 1,
  "threadGrpName": "Navigation_Thread_Decreased",
  "threadName": "Navigation_Thread_Decreased 1-121",
  "threadNumber": 121,
  "timestamp": "2021-10-18T07:22:57.653Z",
  "transaction": false,
  "user_login": "perfcustomer_act_int_4"
}