{
  "subresult": false,
  "threadName": "Navigation_Thread_Decreased 1-121",
  "labels": ["Login", "get"],
  "domain": "localhost",
  "relativetime": 0.803,
  "allThreads": 7,
  "failureMessage": null,
  "sentBytes": 453,
  "workerNode": "localhost",
  "threadGrpName": "Navigation_Thread_Decreased",
  "threadGrpId": 1,
  "IdleTime": 0,
  "users": "50",
  "environment": "myenv",
  "request": "/login",
  "@version": "1",
  "user_login": "perfcustomer_act_int_4",
  "executionid": "myexecution",
  "teststart": "2021-10-18T07:22:56.850Z",
  "label": "Login/get",
  "transaction": false,
  "responseStatus": 200,
  "location": "europe",
  "Connect": 80,
  "responseCode": "200",
  "COOKIE_JSESSIONID": "R1-c42c9ef3-7e8d-41e5-9415-4571162016bf",
  "testtags": ["prd", "tnr", "mytag"],
  "filename": "easy-admin-20211018-082256",
  "testname": "mytest",
  "Latency": 268,
  "threadNumber": 121,
  "success": true,
  "elapsed": 268,
  "URL": "https://localhost/login",
  "key": "myvalue",
  "grpThreads": 6,
  "dataType": "text",
  "project": "myproject",
  "responseMessage": "OK",
  "@timestamp": "2023-03-02T09:56:39.450Z",
  "bytes": 7291,
  "timestamp": "2021-10-18T07:22:57.653Z",
  "globalLabel": "Login/get"
}
